// Jest Snapshot v1, https://goo.gl/fbAQLP

exports[`TopBar renders correctly 1`] = `
<DocumentFragment>
  .c0 {
  display: -webkit-box;
  display: -webkit-flex;
  display: -ms-flexbox;
  display: flex;
  -webkit-box-pack: justify;
  -webkit-justify-content: space-between;
  -ms-flex-pack: justify;
  justify-content: space-between;
  -webkit-align-items: center;
  -webkit-box-align: center;
  -ms-flex-align: center;
  align-items: center;
}

.c1 {
  display: -webkit-box;
  display: -webkit-flex;
  display: -ms-flexbox;
  display: flex;
  -webkit-align-items: center;
  -webkit-box-align: center;
  -ms-flex-align: center;
  align-items: center;
  cursor: pointer;
}

.c2 {
  width: 5rem;
  height: 5rem;
  margin-right: 1.5rem;
}

.c3 {
  margin-bottom: 0.8rem;
  font-weight: 600;
  -webkit-letter-spacing: 1px;
  -moz-letter-spacing: 1px;
  -ms-letter-spacing: 1px;
  letter-spacing: 1px;
  color: rgba(39,39,39,0.8);
}

.c4 {
  display: -webkit-box;
  display: -webkit-flex;
  display: -ms-flexbox;
  display: flex;
  -webkit-align-items: center;
  -webkit-box-align: center;
  -ms-flex-align: center;
  align-items: center;
}

.c5 {
  font-size: 2.3rem;
  margin-right: 3.5rem;
}

.c5.c5 {
  color: rgba(39,39,39,0.8);
}

.c6 {
  display: -webkit-box;
  display: -webkit-flex;
  display: -ms-flexbox;
  display: flex;
  -webkit-flex-direction: column;
  -ms-flex-direction: column;
  flex-direction: column;
  margin-left: 1.5rem;
}

.c8 {
  display: -webkit-box;
  display: -webkit-flex;
  display: -ms-flexbox;
  display: flex;
  -webkit-align-items: center;
  -webkit-box-align: center;
  -ms-flex-align: center;
  align-items: center;
}

.c7 {
  font-weight: 500;
  font-size: 1.6rem;
  margin: 0;
  cursor: pointer;
  color: rgba(39,39,39,0.9);
}

.c7 i {
  margin-left: 0.4rem;
  font-size: 1.2rem;
}

.c9 svg {
  width: 1.4rem;
  margin-left: 0.5rem;
}

.c10 {
  font-weight: 500;
  -webkit-letter-spacing: 1px;
  -moz-letter-spacing: 1px;
  -ms-letter-spacing: 1px;
  letter-spacing: 1px;
  margin: 0;
  font-size: 1.4rem;
  color: rgba(39,39,39,0.6);
}

@media only screen and (max-width:26.5625em) {
  .c0 {
    padding: 0 1.5rem;
  }
}

@media only screen and (max-width:26.5625em) {
  .c3 {
    display: none;
  }
}

@media only screen and (max-width:26.5625em) {
  .c5 {
    margin-right: 2rem;
  }
}

<section
    class="c0"
  >
    <div
      class="c1"
    >
      <svg
        class="c2"
      >
        logo.svg
      </svg>
      <h2
        class="c3"
      >
        My Study Planner
      </h2>
    </div>
    <div
      class="c4"
    >
      <span
        aria-label="bell"
        class="anticon anticon-bell c5"
        role="img"
        tabindex="-1"
      >
        <svg
          aria-hidden="true"
          class=""
          data-icon="bell"
          fill="currentColor"
          focusable="false"
          height="1em"
          viewBox="64 64 896 896"
          width="1em"
        >
          <path
            d="M816 768h-24V428c0-141.1-104.3-257.7-240-277.1V112c0-22.1-17.9-40-40-40s-40 17.9-40 40v38.9c-135.7 19.4-240 136-240 277.1v340h-24c-17.7 0-32 14.3-32 32v32c0 4.4 3.6 8 8 8h216c0 61.8 50.2 112 112 112s112-50.2 112-112h216c4.4 0 8-3.6 8-8v-32c0-17.7-14.3-32-32-32zM512 888c-26.5 0-48-21.5-48-48h96c0 26.5-21.5 48-48 48zM304 768V428c0-55.6 21.6-107.8 60.9-147.1S456.4 220 512 220c55.6 0 107.8 21.6 147.1 60.9S720 372.4 720 428v340H304z"
          />
        </svg>
      </span>
      <span
        class="ant-avatar ant-avatar-square ant-avatar-image ant-avatar-icon"
        style="width: 60px; height: 60px; line-height: 60px; font-size: 30px;"
      >
        <img
          src="http://lorempixel.com/640/480/city"
        />
      </span>
      <div
        class="c6"
      >
        <a
          class="c7 ant-dropdown-trigger c8"
          data-testid="user-dropdown"
        >
          Karolann Schiller 
          <span
            aria-hidden="true"
            aria-label="caret-down"
            class="anticon anticon-caret-down c9"
            role="img"
          >
            <svg
              aria-hidden="true"
              class=""
              data-icon="caret-down"
              fill="currentColor"
              focusable="false"
              height="1em"
              viewBox="0 0 1024 1024"
              width="1em"
            >
              <path
                d="M840.4 300H183.6c-19.7 0-30.7 20.8-18.5 35l328.4 380.8c9.4 10.9 27.5 10.9 37 0L858.9 335c12.2-14.2 1.2-35-18.5-35z"
              />
            </svg>
          </span>
        </a>
        <p
          class="c10"
        >
          Student
        </p>
      </div>
    </div>
  </section>
</DocumentFragment>
`;
