// Jest Snapshot v1, https://goo.gl/fbAQLP

exports[`renders correctly 1`] = `
<DocumentFragment>
  .c0 {
  width: 100%;
  margin-top: 2.4rem;
}

.c0 > a:not(:last-child) {
  margin-bottom: 2rem;
}

.c1.c1 {
  cursor: pointer;
  display: -webkit-box;
  display: -webkit-flex;
  display: -ms-flexbox;
  display: flex;
  -webkit-align-items: center;
  -webkit-box-align: center;
  -ms-flex-align: center;
  align-items: center;
  -webkit-box-pack: center;
  -webkit-justify-content: center;
  -ms-flex-pack: center;
  justify-content: center;
}

.c2 {
  width: 24px;
  margin-right: 1.2rem;
}

<div
    class="c0"
  >
    <a
      class="c1 ant-btn ant-btn-default ant-btn-lg ant-btn-block"
      href="http://localhost:3001/api/auth/google"
    >
      <svg
        class="c2"
      >
        google_logo.svg
      </svg>
      Sign in with Google
    </a>
  </div>
</DocumentFragment>
`;
