// Jest Snapshot v1, https://goo.gl/fbAQLP

exports[`renders correctly 1`] = `
<DocumentFragment>
  .c0 {
  display: -webkit-box;
  display: -webkit-flex;
  display: -ms-flexbox;
  display: flex;
  -webkit-flex-direction: column;
  -ms-flex-direction: column;
  flex-direction: column;
  padding: 2rem 2rem;
  border-top: 0.5px solid rgba(39,39,39,0.2);
  border-bottom: 0.5px solid rgba(39,39,39,0.2);
  width: 100%;
}

.c1 {
  display: -webkit-box;
  display: -webkit-flex;
  display: -ms-flexbox;
  display: flex;
  -webkit-align-items: center;
  -webkit-box-align: center;
  -ms-flex-align: center;
  align-items: center;
}

.c2 {
  margin-bottom: 0;
  font-weight: 400;
  -webkit-letter-spacing: 1px;
  -moz-letter-spacing: 1px;
  -ms-letter-spacing: 1px;
  letter-spacing: 1px;
  font-size: 1.7rem;
  color: rgba(39,39,39,0.8);
}

.c3 {
  display: -webkit-box;
  display: -webkit-flex;
  display: -ms-flexbox;
  display: flex;
  -webkit-align-items: center;
  -webkit-box-align: center;
  -ms-flex-align: center;
  align-items: center;
}

.c4 {
  cursor: pointer;
  color: #00ADB5;
  margin-left: 1.3rem;
}

.c4:hover {
  -webkit-text-decoration: underline;
  text-decoration: underline;
}

.c5 {
  cursor: pointer;
  color: #00ADB5;
}

.c5:hover {
  -webkit-text-decoration: underline;
  text-decoration: underline;
}

<div
    class="c0"
  >
    <div
      class="c1"
    >
      <span
        class="ant-badge ant-badge-status ant-badge-not-a-wrapper"
      >
        <span
          class="ant-badge-status-dot ant-badge-status-yellow"
        />
        <span
          class="ant-badge-status-text"
        />
      </span>
      <h3
        class="c2"
      >
        Start Working on homework
      </h3>
    </div>
    <div
      class="c3"
    >
      <span
        class="c4"
      >
        View More
      </span>
      <div
        class="ant-divider ant-divider-vertical"
        role="separator"
      />
      <span
        class="c5"
      >
        Done
      </span>
    </div>
  </div>
</DocumentFragment>
`;
